nohup: ignoring input
[2026-02-01 09:13:41,430][qiskit.passmanager.base_tasks][INFO] - Pass: UnrollCustomDefinitions - 0.53453 (ms)
[2026-02-01 09:13:41,430][qiskit.passmanager.base_tasks][INFO] - Pass: BasisTranslator - 0.59748 (ms)
[2026-02-01 09:13:41,456][qiskit.passmanager.base_tasks][INFO] - Pass: ContainsInstruction - 0.00882 (ms)
[2026-02-01 09:13:41,456][qiskit.passmanager.base_tasks][INFO] - Pass: UnitarySynthesis - 0.00596 (ms)
[2026-02-01 09:13:41,456][qiskit.passmanager.base_tasks][INFO] - Pass: HighLevelSynthesis - 0.07105 (ms)
[2026-02-01 09:13:41,456][qiskit.passmanager.base_tasks][INFO] - Pass: BasisTranslator - 0.00429 (ms)
[2026-02-01 09:13:41,457][qiskit.passmanager.base_tasks][INFO] - Pass: ElidePermutations - 0.00572 (ms)
[2026-02-01 09:13:41,457][qiskit.passmanager.base_tasks][INFO] - Pass: RemoveDiagonalGatesBeforeMeasure - 0.00691 (ms)
[2026-02-01 09:13:41,457][qiskit.passmanager.base_tasks][INFO] - Pass: RemoveIdentityEquivalent - 0.00477 (ms)
[2026-02-01 09:13:41,458][qiskit.passmanager.base_tasks][INFO] - Pass: InverseCancellation - 0.01049 (ms)
[2026-02-01 09:13:41,458][qiskit.passmanager.base_tasks][INFO] - Pass: ContractIdleWiresInControlFlow - 0.00238 (ms)
[2026-02-01 09:13:41,458][qiskit.passmanager.base_tasks][INFO] - Pass: CommutativeCancellation - 0.01812 (ms)
[2026-02-01 09:13:41,458][qiskit.passmanager.base_tasks][INFO] - Pass: ConsolidateBlocks - 0.02813 (ms)
[2026-02-01 09:13:41,459][qiskit.passmanager.base_tasks][INFO] - Pass: Split2QUnitaries - 0.00262 (ms)
[2026-02-01 09:13:41,459][qiskit.passmanager.base_tasks][INFO] - Pass: UnitarySynthesis - 0.00381 (ms)
[2026-02-01 09:13:41,459][qiskit.passmanager.base_tasks][INFO] - Pass: HighLevelSynthesis - 0.05865 (ms)
[2026-02-01 09:13:41,459][qiskit.passmanager.base_tasks][INFO] - Pass: BasisTranslator - 0.00310 (ms)
[2026-02-01 09:13:41,460][qiskit.passmanager.base_tasks][INFO] - Pass: ConsolidateBlocks - 0.01836 (ms)
[2026-02-01 09:13:41,460][qiskit.passmanager.base_tasks][INFO] - Pass: UnitarySynthesis - 0.00358 (ms)
[2026-02-01 09:13:41,460][qiskit.passmanager.base_tasks][INFO] - Pass: Depth - 0.00620 (ms)
[2026-02-01 09:13:41,460][qiskit.passmanager.base_tasks][INFO] - Pass: FixedPoint - 0.00525 (ms)
[2026-02-01 09:13:41,461][qiskit.passmanager.base_tasks][INFO] - Pass: Size - 0.00334 (ms)
[2026-02-01 09:13:41,461][qiskit.passmanager.base_tasks][INFO] - Pass: FixedPoint - 0.00286 (ms)
[2026-02-01 09:13:41,461][qiskit.passmanager.base_tasks][INFO] - Pass: RemoveIdentityEquivalent - 0.00238 (ms)
[2026-02-01 09:13:41,461][qiskit.passmanager.base_tasks][INFO] - Pass: Optimize1qGatesDecomposition - 0.02074 (ms)
[2026-02-01 09:13:41,462][qiskit.passmanager.base_tasks][INFO] - Pass: CommutativeCancellation - 0.01097 (ms)
[2026-02-01 09:13:41,462][qiskit.passmanager.base_tasks][INFO] - Pass: ContractIdleWiresInControlFlow - 0.00167 (ms)
[2026-02-01 09:13:41,462][qiskit.passmanager.base_tasks][INFO] - Pass: GatesInBasis - 0.00572 (ms)
[2026-02-01 09:13:41,462][qiskit.passmanager.base_tasks][INFO] - Pass: UnitarySynthesis - 0.00334 (ms)
[2026-02-01 09:13:41,463][qiskit.passmanager.base_tasks][INFO] - Pass: HighLevelSynthesis - 0.05484 (ms)
[2026-02-01 09:13:41,463][qiskit.passmanager.base_tasks][INFO] - Pass: BasisTranslator - 0.00262 (ms)
[2026-02-01 09:13:41,463][qiskit.passmanager.base_tasks][INFO] - Pass: Depth - 0.00453 (ms)
[2026-02-01 09:13:41,463][qiskit.passmanager.base_tasks][INFO] - Pass: FixedPoint - 0.00405 (ms)
[2026-02-01 09:13:41,464][qiskit.passmanager.base_tasks][INFO] - Pass: Size - 0.00238 (ms)
[2026-02-01 09:13:41,464][qiskit.passmanager.base_tasks][INFO] - Pass: FixedPoint - 0.00262 (ms)
[2026-02-01 09:13:41,464][qiskit.passmanager.base_tasks][INFO] - Pass: ContainsInstruction - 0.00358 (ms)
[2026-02-01 09:13:41,464][qiskit.compiler.transpiler][INFO] - Total Transpile Time - 26.53575 (ms)
[2026-02-01 09:13:41,469][qiskit.passmanager.base_tasks][INFO] - Pass: UnrollCustomDefinitions - 0.18191 (ms)
[2026-02-01 09:13:41,469][qiskit.passmanager.base_tasks][INFO] - Pass: BasisTranslator - 0.38743 (ms)
[2026-02-01 09:13:41,482][qiskit.passmanager.base_tasks][INFO] - Pass: ContainsInstruction - 0.00668 (ms)
[2026-02-01 09:13:41,482][qiskit.passmanager.base_tasks][INFO] - Pass: UnitarySynthesis - 0.00429 (ms)
[2026-02-01 09:13:41,483][qiskit.passmanager.base_tasks][INFO] - Pass: HighLevelSynthesis - 0.06199 (ms)
[2026-02-01 09:13:41,483][qiskit.passmanager.base_tasks][INFO] - Pass: BasisTranslator - 0.00310 (ms)
[2026-02-01 09:13:41,483][qiskit.passmanager.base_tasks][INFO] - Pass: ElidePermutations - 0.00381 (ms)
[2026-02-01 09:13:41,483][qiskit.passmanager.base_tasks][INFO] - Pass: RemoveDiagonalGatesBeforeMeasure - 0.00453 (ms)
[2026-02-01 09:13:41,484][qiskit.passmanager.base_tasks][INFO] - Pass: RemoveIdentityEquivalent - 0.00215 (ms)
[2026-02-01 09:13:41,484][qiskit.passmanager.base_tasks][INFO] - Pass: InverseCancellation - 0.00954 (ms)
[2026-02-01 09:13:41,484][qiskit.passmanager.base_tasks][INFO] - Pass: ContractIdleWiresInControlFlow - 0.00167 (ms)
[2026-02-01 09:13:41,485][qiskit.passmanager.base_tasks][INFO] - Pass: CommutativeCancellation - 0.01240 (ms)
[2026-02-01 09:13:41,485][qiskit.passmanager.base_tasks][INFO] - Pass: ConsolidateBlocks - 0.02098 (ms)
[2026-02-01 09:13:41,485][qiskit.passmanager.base_tasks][INFO] - Pass: Split2QUnitaries - 0.00286 (ms)
[2026-02-01 09:13:41,485][qiskit.passmanager.base_tasks][INFO] - Pass: UnitarySynthesis - 0.00405 (ms)
[2026-02-01 09:13:41,486][qiskit.passmanager.base_tasks][INFO] - Pass: HighLevelSynthesis - 0.05770 (ms)
[2026-02-01 09:13:41,486][qiskit.passmanager.base_tasks][INFO] - Pass: BasisTranslator - 0.00262 (ms)
[2026-02-01 09:13:41,486][qiskit.passmanager.base_tasks][INFO] - Pass: ConsolidateBlocks - 0.01645 (ms)
[2026-02-01 09:13:41,486][qiskit.passmanager.base_tasks][INFO] - Pass: UnitarySynthesis - 0.00334 (ms)
[2026-02-01 09:13:41,487][qiskit.passmanager.base_tasks][INFO] - Pass: Depth - 0.00501 (ms)
[2026-02-01 09:13:41,487][qiskit.passmanager.base_tasks][INFO] - Pass: FixedPoint - 0.00477 (ms)
[2026-02-01 09:13:41,487][qiskit.passmanager.base_tasks][INFO] - Pass: Size - 0.00238 (ms)
[2026-02-01 09:13:41,487][qiskit.passmanager.base_tasks][INFO] - Pass: FixedPoint - 0.00262 (ms)
[2026-02-01 09:13:41,487][qiskit.passmanager.base_tasks][INFO] - Pass: RemoveIdentityEquivalent - 0.00215 (ms)
[2026-02-01 09:13:41,488][qiskit.passmanager.base_tasks][INFO] - Pass: Optimize1qGatesDecomposition - 0.01812 (ms)
[2026-02-01 09:13:41,488][qiskit.passmanager.base_tasks][INFO] - Pass: CommutativeCancellation - 0.00930 (ms)
[2026-02-01 09:13:41,488][qiskit.passmanager.base_tasks][INFO] - Pass: ContractIdleWiresInControlFlow - 0.00167 (ms)
[2026-02-01 09:13:41,488][qiskit.passmanager.base_tasks][INFO] - Pass: GatesInBasis - 0.00501 (ms)
[2026-02-01 09:13:41,489][qiskit.passmanager.base_tasks][INFO] - Pass: UnitarySynthesis - 0.00358 (ms)
[2026-02-01 09:13:41,489][qiskit.passmanager.base_tasks][INFO] - Pass: HighLevelSynthesis - 0.05674 (ms)
[2026-02-01 09:13:41,489][qiskit.passmanager.base_tasks][INFO] - Pass: BasisTranslator - 0.00286 (ms)
[2026-02-01 09:13:41,490][qiskit.passmanager.base_tasks][INFO] - Pass: Depth - 0.00501 (ms)
[2026-02-01 09:13:41,490][qiskit.passmanager.base_tasks][INFO] - Pass: FixedPoint - 0.00405 (ms)
[2026-02-01 09:13:41,490][qiskit.passmanager.base_tasks][INFO] - Pass: Size - 0.00191 (ms)
[2026-02-01 09:13:41,490][qiskit.passmanager.base_tasks][INFO] - Pass: FixedPoint - 0.00215 (ms)
[2026-02-01 09:13:41,491][qiskit.passmanager.base_tasks][INFO] - Pass: ContainsInstruction - 0.00358 (ms)
[2026-02-01 09:13:41,491][qiskit.compiler.transpiler][INFO] - Total Transpile Time - 14.75191 (ms)
[2026-02-01 09:13:41,493][qiskit.passmanager.base_tasks][INFO] - Pass: UnrollCustomDefinitions - 0.16570 (ms)
[2026-02-01 09:13:41,493][qiskit.passmanager.base_tasks][INFO] - Pass: BasisTranslator - 0.36407 (ms)
[2026-02-01 09:13:41,506][qiskit.passmanager.base_tasks][INFO] - Pass: ContainsInstruction - 0.00644 (ms)
[2026-02-01 09:13:41,506][qiskit.passmanager.base_tasks][INFO] - Pass: UnitarySynthesis - 0.00429 (ms)
[2026-02-01 09:13:41,506][qiskit.passmanager.base_tasks][INFO] - Pass: HighLevelSynthesis - 0.05865 (ms)
[2026-02-01 09:13:41,507][qiskit.passmanager.base_tasks][INFO] - Pass: BasisTranslator - 0.00286 (ms)
[2026-02-01 09:13:41,507][qiskit.passmanager.base_tasks][INFO] - Pass: ElidePermutations - 0.00405 (ms)
[2026-02-01 09:13:41,507][qiskit.passmanager.base_tasks][INFO] - Pass: RemoveDiagonalGatesBeforeMeasure - 0.00405 (ms)
[2026-02-01 09:13:41,507][qiskit.passmanager.base_tasks][INFO] - Pass: RemoveIdentityEquivalent - 0.00238 (ms)
[2026-02-01 09:13:41,508][qiskit.passmanager.base_tasks][INFO] - Pass: InverseCancellation - 0.00811 (ms)
[2026-02-01 09:13:41,508][qiskit.passmanager.base_tasks][INFO] - Pass: ContractIdleWiresInControlFlow - 0.00167 (ms)
[2026-02-01 09:13:41,508][qiskit.passmanager.base_tasks][INFO] - Pass: CommutativeCancellation - 0.00978 (ms)
[2026-02-01 09:13:41,508][qiskit.passmanager.base_tasks][INFO] - Pass: ConsolidateBlocks - 0.02003 (ms)
[2026-02-01 09:13:41,509][qiskit.passmanager.base_tasks][INFO] - Pass: Split2QUnitaries - 0.00215 (ms)
[2026-02-01 09:13:41,509][qiskit.passmanager.base_tasks][INFO] - Pass: UnitarySynthesis - 0.00381 (ms)
[2026-02-01 09:13:41,509][qiskit.passmanager.base_tasks][INFO] - Pass: HighLevelSynthesis - 0.05484 (ms)
[2026-02-01 09:13:41,509][qiskit.passmanager.base_tasks][INFO] - Pass: BasisTranslator - 0.00262 (ms)
[2026-02-01 09:13:41,510][qiskit.passmanager.base_tasks][INFO] - Pass: ConsolidateBlocks - 0.01740 (ms)
[2026-02-01 09:13:41,510][qiskit.passmanager.base_tasks][INFO] - Pass: UnitarySynthesis - 0.00334 (ms)
[2026-02-01 09:13:41,510][qiskit.passmanager.base_tasks][INFO] - Pass: Depth - 0.00572 (ms)
[2026-02-01 09:13:41,510][qiskit.passmanager.base_tasks][INFO] - Pass: FixedPoint - 0.00429 (ms)
[2026-02-01 09:13:41,511][qiskit.passmanager.base_tasks][INFO] - Pass: Size - 0.00215 (ms)
[2026-02-01 09:13:41,511][qiskit.passmanager.base_tasks][INFO] - Pass: FixedPoint - 0.00262 (ms)
[2026-02-01 09:13:41,511][qiskit.passmanager.base_tasks][INFO] - Pass: RemoveIdentityEquivalent - 0.00167 (ms)
[2026-02-01 09:13:41,511][qiskit.passmanager.base_tasks][INFO] - Pass: Optimize1qGatesDecomposition - 0.01621 (ms)
[2026-02-01 09:13:41,512][qiskit.passmanager.base_tasks][INFO] - Pass: CommutativeCancellation - 0.00858 (ms)
[2026-02-01 09:13:41,512][qiskit.passmanager.base_tasks][INFO] - Pass: ContractIdleWiresInControlFlow - 0.00191 (ms)
[2026-02-01 09:13:41,512][qiskit.passmanager.base_tasks][INFO] - Pass: GatesInBasis - 0.00429 (ms)
[2026-02-01 09:13:41,513][qiskit.passmanager.base_tasks][INFO] - Pass: UnitarySynthesis - 0.00334 (ms)
[2026-02-01 09:13:41,513][qiskit.passmanager.base_tasks][INFO] - Pass: HighLevelSynthesis - 0.05865 (ms)
[2026-02-01 09:13:41,513][qiskit.passmanager.base_tasks][INFO] - Pass: BasisTranslator - 0.00238 (ms)
[2026-02-01 09:13:41,513][qiskit.passmanager.base_tasks][INFO] - Pass: Depth - 0.00453 (ms)
[2026-02-01 09:13:41,514][qiskit.passmanager.base_tasks][INFO] - Pass: FixedPoint - 0.00381 (ms)
[2026-02-01 09:13:41,514][qiskit.passmanager.base_tasks][INFO] - Pass: Size - 0.00215 (ms)
[2026-02-01 09:13:41,514][qiskit.passmanager.base_tasks][INFO] - Pass: FixedPoint - 0.00286 (ms)
[2026-02-01 09:13:41,514][qiskit.passmanager.base_tasks][INFO] - Pass: ContainsInstruction - 0.00334 (ms)
[2026-02-01 09:13:41,515][qiskit.compiler.transpiler][INFO] - Total Transpile Time - 14.51778 (ms)
[2026-02-01 09:13:41,516][qiskit.passmanager.base_tasks][INFO] - Pass: UnrollCustomDefinitions - 0.23246 (ms)
[2026-02-01 09:13:41,516][qiskit.passmanager.base_tasks][INFO] - Pass: BasisTranslator - 0.35334 (ms)
[2026-02-01 09:13:41,529][qiskit.passmanager.base_tasks][INFO] - Pass: ContainsInstruction - 0.00620 (ms)
[2026-02-01 09:13:41,529][qiskit.passmanager.base_tasks][INFO] - Pass: UnitarySynthesis - 0.00453 (ms)
[2026-02-01 09:13:41,530][qiskit.passmanager.base_tasks][INFO] - Pass: HighLevelSynthesis - 0.04888 (ms)
[2026-02-01 09:13:41,530][qiskit.passmanager.base_tasks][INFO] - Pass: BasisTranslator - 0.00334 (ms)
[2026-02-01 09:13:41,530][qiskit.passmanager.base_tasks][INFO] - Pass: ElidePermutations - 0.00405 (ms)
[2026-02-01 09:13:41,530][qiskit.passmanager.base_tasks][INFO] - Pass: RemoveDiagonalGatesBeforeMeasure - 0.00429 (ms)
[2026-02-01 09:13:41,531][qiskit.passmanager.base_tasks][INFO] - Pass: RemoveIdentityEquivalent - 0.00191 (ms)
[2026-02-01 09:13:41,531][qiskit.passmanager.base_tasks][INFO] - Pass: InverseCancellation - 0.00858 (ms)
[2026-02-01 09:13:41,531][qiskit.passmanager.base_tasks][INFO] - Pass: ContractIdleWiresInControlFlow - 0.00167 (ms)
[2026-02-01 09:13:41,532][qiskit.passmanager.base_tasks][INFO] - Pass: CommutativeCancellation - 0.01144 (ms)
[2026-02-01 09:13:41,532][qiskit.passmanager.base_tasks][INFO] - Pass: ConsolidateBlocks - 0.02265 (ms)
[2026-02-01 09:13:41,532][qiskit.passmanager.base_tasks][INFO] - Pass: Split2QUnitaries - 0.00286 (ms)
[2026-02-01 09:13:41,532][qiskit.passmanager.base_tasks][INFO] - Pass: UnitarySynthesis - 0.00358 (ms)
[2026-02-01 09:13:41,533][qiskit.passmanager.base_tasks][INFO] - Pass: HighLevelSynthesis - 0.04840 (ms)
[2026-02-01 09:13:41,533][qiskit.passmanager.base_tasks][INFO] - Pass: BasisTranslator - 0.00286 (ms)
[2026-02-01 09:13:41,533][qiskit.passmanager.base_tasks][INFO] - Pass: ConsolidateBlocks - 0.01717 (ms)
[2026-02-01 09:13:41,533][qiskit.passmanager.base_tasks][INFO] - Pass: UnitarySynthesis - 0.00334 (ms)
[2026-02-01 09:13:41,534][qiskit.passmanager.base_tasks][INFO] - Pass: Depth - 0.00525 (ms)
[2026-02-01 09:13:41,534][qiskit.passmanager.base_tasks][INFO] - Pass: FixedPoint - 0.00405 (ms)
[2026-02-01 09:13:41,534][qiskit.passmanager.base_tasks][INFO] - Pass: Size - 0.00238 (ms)
[2026-02-01 09:13:41,534][qiskit.passmanager.base_tasks][INFO] - Pass: FixedPoint - 0.00238 (ms)
[2026-02-01 09:13:41,535][qiskit.passmanager.base_tasks][INFO] - Pass: RemoveIdentityEquivalent - 0.00215 (ms)
[2026-02-01 09:13:41,535][qiskit.passmanager.base_tasks][INFO] - Pass: Optimize1qGatesDecomposition - 0.01621 (ms)
[2026-02-01 09:13:41,535][qiskit.passmanager.base_tasks][INFO] - Pass: CommutativeCancellation - 0.00954 (ms)
[2026-02-01 09:13:41,535][qiskit.passmanager.base_tasks][INFO] - Pass: ContractIdleWiresInControlFlow - 0.00167 (ms)
[2026-02-01 09:13:41,536][qiskit.passmanager.base_tasks][INFO] - Pass: GatesInBasis - 0.00405 (ms)
[2026-02-01 09:13:41,536][qiskit.passmanager.base_tasks][INFO] - Pass: UnitarySynthesis - 0.00310 (ms)
[2026-02-01 09:13:41,536][qiskit.passmanager.base_tasks][INFO] - Pass: HighLevelSynthesis - 0.04530 (ms)
[2026-02-01 09:13:41,536][qiskit.passmanager.base_tasks][INFO] - Pass: BasisTranslator - 0.00262 (ms)
[2026-02-01 09:13:41,537][qiskit.passmanager.base_tasks][INFO] - Pass: Depth - 0.00453 (ms)
[2026-02-01 09:13:41,537][qiskit.passmanager.base_tasks][INFO] - Pass: FixedPoint - 0.00381 (ms)
[2026-02-01 09:13:41,537][qiskit.passmanager.base_tasks][INFO] - Pass: Size - 0.00191 (ms)
[2026-02-01 09:13:41,537][qiskit.passmanager.base_tasks][INFO] - Pass: FixedPoint - 0.00262 (ms)
[2026-02-01 09:13:41,538][qiskit.passmanager.base_tasks][INFO] - Pass: ContainsInstruction - 0.00334 (ms)
[2026-02-01 09:13:41,538][qiskit.compiler.transpiler][INFO] - Total Transpile Time - 14.28413 (ms)
[2026-02-01 09:13:41,539][qiskit.passmanager.base_tasks][INFO] - Pass: UnrollCustomDefinitions - 0.10872 (ms)
[2026-02-01 09:13:41,539][qiskit.passmanager.base_tasks][INFO] - Pass: BasisTranslator - 0.01240 (ms)
[2026-02-01 09:13:41,547][qiskit.passmanager.base_tasks][INFO] - Pass: ContainsInstruction - 0.00691 (ms)
[2026-02-01 09:13:41,547][qiskit.passmanager.base_tasks][INFO] - Pass: UnitarySynthesis - 0.00477 (ms)
[2026-02-01 09:13:41,547][qiskit.passmanager.base_tasks][INFO] - Pass: HighLevelSynthesis - 0.05245 (ms)
[2026-02-01 09:13:41,547][qiskit.passmanager.base_tasks][INFO] - Pass: BasisTranslator - 0.00310 (ms)
[2026-02-01 09:13:41,547][qiskit.passmanager.base_tasks][INFO] - Pass: ElidePermutations - 0.00358 (ms)
[2026-02-01 09:13:41,548][qiskit.passmanager.base_tasks][INFO] - Pass: RemoveDiagonalGatesBeforeMeasure - 0.00405 (ms)
[2026-02-01 09:13:41,548][qiskit.passmanager.base_tasks][INFO] - Pass: RemoveIdentityEquivalent - 0.00191 (ms)
[2026-02-01 09:13:41,548][qiskit.passmanager.base_tasks][INFO] - Pass: InverseCancellation - 0.00715 (ms)
[2026-02-01 09:13:41,548][qiskit.passmanager.base_tasks][INFO] - Pass: ContractIdleWiresInControlFlow - 0.00167 (ms)
[2026-02-01 09:13:41,549][qiskit.passmanager.base_tasks][INFO] - Pass: CommutativeCancellation - 0.00906 (ms)
[2026-02-01 09:13:41,549][qiskit.passmanager.base_tasks][INFO] - Pass: ConsolidateBlocks - 0.01931 (ms)
[2026-02-01 09:13:41,549][qiskit.passmanager.base_tasks][INFO] - Pass: Split2QUnitaries - 0.00238 (ms)
[2026-02-01 09:13:41,549][qiskit.passmanager.base_tasks][INFO] - Pass: UnitarySynthesis - 0.00381 (ms)
[2026-02-01 09:13:41,550][qiskit.passmanager.base_tasks][INFO] - Pass: HighLevelSynthesis - 0.05007 (ms)
[2026-02-01 09:13:41,550][qiskit.passmanager.base_tasks][INFO] - Pass: BasisTranslator - 0.00286 (ms)
[2026-02-01 09:13:41,550][qiskit.passmanager.base_tasks][INFO] - Pass: ConsolidateBlocks - 0.01645 (ms)
[2026-02-01 09:13:41,551][qiskit.passmanager.base_tasks][INFO] - Pass: UnitarySynthesis - 0.00358 (ms)
[2026-02-01 09:13:41,551][qiskit.passmanager.base_tasks][INFO] - Pass: Depth - 0.00501 (ms)
[2026-02-01 09:13:41,551][qiskit.passmanager.base_tasks][INFO] - Pass: FixedPoint - 0.00429 (ms)
[2026-02-01 09:13:41,551][qiskit.passmanager.base_tasks][INFO] - Pass: Size - 0.00215 (ms)
[2026-02-01 09:13:41,551][qiskit.passmanager.base_tasks][INFO] - Pass: FixedPoint - 0.00238 (ms)
[2026-02-01 09:13:41,552][qiskit.passmanager.base_tasks][INFO] - Pass: RemoveIdentityEquivalent - 0.00215 (ms)
[2026-02-01 09:13:41,552][qiskit.passmanager.base_tasks][INFO] - Pass: Optimize1qGatesDecomposition - 0.01574 (ms)
[2026-02-01 09:13:41,552][qiskit.passmanager.base_tasks][INFO] - Pass: CommutativeCancellation - 0.00858 (ms)
[2026-02-01 09:13:41,552][qiskit.passmanager.base_tasks][INFO] - Pass: ContractIdleWiresInControlFlow - 0.00167 (ms)
[2026-02-01 09:13:41,553][qiskit.passmanager.base_tasks][INFO] - Pass: GatesInBasis - 0.00358 (ms)
[2026-02-01 09:13:41,553][qiskit.passmanager.base_tasks][INFO] - Pass: UnitarySynthesis - 0.00334 (ms)
[2026-02-01 09:13:41,553][qiskit.passmanager.base_tasks][INFO] - Pass: HighLevelSynthesis - 0.05078 (ms)
[2026-02-01 09:13:41,554][qiskit.passmanager.base_tasks][INFO] - Pass: BasisTranslator - 0.00262 (ms)
[2026-02-01 09:13:41,554][qiskit.passmanager.base_tasks][INFO] - Pass: Depth - 0.00501 (ms)
[2026-02-01 09:13:41,554][qiskit.passmanager.base_tasks][INFO] - Pass: FixedPoint - 0.00358 (ms)
[2026-02-01 09:13:41,554][qiskit.passmanager.base_tasks][INFO] - Pass: Size - 0.00191 (ms)
[2026-02-01 09:13:41,555][qiskit.passmanager.base_tasks][INFO] - Pass: FixedPoint - 0.00262 (ms)
[2026-02-01 09:13:41,555][qiskit.passmanager.base_tasks][INFO] - Pass: ContainsInstruction - 0.00334 (ms)
[2026-02-01 09:13:41,555][qiskit.compiler.transpiler][INFO] - Total Transpile Time - 13.98683 (ms)
  0%|          | 0/400 [00:00<?, ?it/s]  0%|          | 1/400 [00:55<6:09:39, 55.59s/it]